I'm sorry, but errors were detected in your script. Please correct the
errors listed below, and try again.


File "game/script.rpy", line 141: expected statement.
    add Solid("#FF00FF") xalign 0.5 yalign 0.5 xsize 1280 ysize 720
             ^

Ren'Py Version: Ren'Py 8.4.1.25072401
Sun Sep 14 07:33:30 2025
